{
  "user_name": "gitwub5",
  "passward": "test"
}