{
  "user_name": "gitwub5",
  "password": "test"
}